\BOOKMARK [0][-]{chapter.1}{\376\377\000W\000s\000t\001\031\000p}{}% 1
\BOOKMARK [0][-]{chapter.2}{\376\377\000G\001\102\001\031\000b\000o\000k\000i\000e\000\040\000u\000c\000z\000e\000n\000i\000e\000\040\000w\000\040\000d\000i\000a\000g\000n\000o\000s\000t\000y\000c\000e\000\040\000d\000e\000r\000m\000a\000t\000o\000l\000o\000g\000i\000c\000z\000n\000e\000j}{}% 2
\BOOKMARK [1][-]{section.2.1}{\376\377\000W\000p\001\102\000y\000w\000\040\000r\000o\000z\000w\000o\000j\000u\000\040\000s\000z\000t\000u\000c\000z\000n\000e\000j\000\040\000i\000n\000t\000e\000l\000i\000g\000e\000n\000c\000j\000i\000\040\000n\000a\000\040\000m\000e\000d\000y\000c\000y\000n\001\031}{chapter.2}% 3
\BOOKMARK [1][-]{section.2.2}{\376\377\000P\000r\000z\000e\000g\000l\001\005\000d\000\040\000w\000s\000t\001\031\000p\000n\000y\000c\000h\000\040\000m\000e\000t\000o\000d\000\040\000d\000i\000a\000g\000n\000o\000s\000t\000y\000c\000z\000n\000y\000c\000h}{chapter.2}% 4
\BOOKMARK [1][-]{section.2.3}{\376\377\000G\001\102\001\031\000b\000o\000k\000i\000e\000\040\000u\000c\000z\000e\000n\000i\000e\000\040\000w\000\040\000d\000e\000r\000m\000a\000t\000o\000l\000o\000g\000i\000i}{chapter.2}% 5
\BOOKMARK [2][-]{subsection.2.3.1}{\376\377\000P\000o\000d\000s\000t\000a\000w\000y\000\040\000d\000e\000e\000p\000\040\000l\000e\000a\000r\000n\000i\000n\000g}{section.2.3}% 6
\BOOKMARK [2][-]{subsection.2.3.2}{\376\377\000K\000l\000a\000s\000y\000f\000i\000k\000a\000c\000j\000a\000\040\000b\000i\000n\000a\000r\000n\000a}{section.2.3}% 7
\BOOKMARK [2][-]{subsection.2.3.3}{\376\377\000K\000l\000a\000s\000y\000f\000i\000k\000a\000c\000j\000a\000\040\000w\000i\000e\000l\000o\000k\000l\000a\000s\000o\000w\000a}{section.2.3}% 8
\BOOKMARK [2][-]{subsection.2.3.4}{\376\377\000R\000o\000z\000w\000i\001\005\000z\000a\000n\000i\000a\000\040\000m\000o\000b\000i\000l\000n\000e}{section.2.3}% 9
\BOOKMARK [1][-]{section.2.4}{\376\377\000W\000y\000z\000w\000a\000n\000i\000a\000\040\000z\000w\000i\001\005\000z\000a\000n\000e\000\040\000z\000\040\000g\001\102\001\031\000b\000o\000k\000i\000m\000\040\000u\000c\000z\000e\000n\000i\000e\000m\000\040\000w\000\040\000d\000z\000i\000e\000d\000z\000i\000n\000i\000e\000\040\000d\000e\000r\000m\000a\000t\000o\000l\000o\000g\000i\000i}{chapter.2}% 10
\BOOKMARK [2][-]{subsection.2.4.1}{\376\377\000S\000t\000r\000o\000n\000n\000i\000c\000z\000o\001\133\001\007\000\040\000i\000\040\000o\000g\000r\000a\000n\000i\000c\000z\000o\000n\000a\000\040\000r\000e\000p\000r\000e\000z\000e\000n\000t\000a\000t\000y\000w\000n\000o\001\133\001\007}{section.2.4}% 11
\BOOKMARK [2][-]{subsection.2.4.2}{\376\377\000P\000r\000o\000b\000l\000e\000m\000y\000\040\000z\000\040\000g\000e\000n\000e\000r\000a\000l\000i\000z\000a\000c\000j\001\005}{section.2.4}% 12
\BOOKMARK [2][-]{subsection.2.4.3}{\376\377\000B\000r\000a\000k\000\040\000w\000y\000j\000a\001\133\000n\000i\000a\000l\000n\000o\001\133\000c\000i\000\040\000m\000o\000d\000e\000l\000i}{section.2.4}% 13
\BOOKMARK [2][-]{subsection.2.4.4}{\376\377\000P\000r\000y\000w\000a\000t\000n\000o\001\133\001\007\000\040\000i\000\040\000b\000e\000z\000p\000i\000e\000c\000z\000e\001\104\000s\000t\000w\000o\000\040\000d\000a\000n\000y\000c\000h}{section.2.4}% 14
\BOOKMARK [2][-]{subsection.2.4.5}{\376\377\000R\000e\000g\000u\000l\000a\000c\000j\000e\000\040\000p\000r\000a\000w\000n\000e\000\040\000i\000\040\000o\000d\000p\000o\000w\000i\000e\000d\000z\000i\000a\000l\000n\000o\001\133\001\007}{section.2.4}% 15
\BOOKMARK [2][-]{subsection.2.4.6}{\376\377\000P\000r\000o\000b\000l\000e\000m\000y\000\040\000s\000p\000o\001\102\000e\000c\000z\000n\000e}{section.2.4}% 16
\BOOKMARK [2][-]{subsection.2.4.7}{\376\377\000W\000y\000z\000w\000a\000n\000i\000a\000\040\000z\000w\000i\001\005\000z\000a\000n\000e\000\040\000z\000\040\000a\000p\000l\000i\000k\000a\000c\000j\000a\000m\000i\000\040\000m\000o\000b\000i\000l\000n\000y\000m\000i}{section.2.4}% 17
\BOOKMARK [1][-]{section.2.5}{\376\377\000P\000o\000d\000s\000u\000m\000o\000w\000a\000n\000i\000e}{chapter.2}% 18
\BOOKMARK [0][-]{chapter.3}{\376\377\000P\000r\000o\000p\000o\000z\000y\000c\000j\000a\000\040\000s\000y\000s\000t\000e\000m\000u\000\040\000d\000o\000\040\000d\000i\000a\000g\000n\000o\000s\000t\000y\000k\000i\000\040\000z\000m\000i\000a\000n\000\040\000s\000k\000\363\000r\000n\000y\000c\000h}{}% 19
\BOOKMARK [1][-]{section.3.1}{\376\377\000D\000o\000s\000t\001\031\000p\000n\000e\000\040\000z\000b\000i\000o\000r\000y\000\040\000d\000a\000n\000y\000c\000h\000\040\000z\000m\000i\000a\000n\000\040\000s\000k\000\363\000r\000n\000y\000c\000h}{chapter.3}% 20
\BOOKMARK [2][-]{subsection.3.1.1}{\376\377\000I\000S\000I\000C}{section.3.1}% 21
\BOOKMARK [2][-]{subsection.3.1.2}{\376\377\000H\000A\000M\0001\0000\0000\0000\0000}{section.3.1}% 22
\BOOKMARK [2][-]{subsection.3.1.3}{\376\377\000B\000C\000N\0002\0000\0000\0000\0000}{section.3.1}% 23
\BOOKMARK [2][-]{subsection.3.1.4}{\376\377\000D\000E\000R\000M\0007\000P\000T}{section.3.1}% 24
\BOOKMARK [2][-]{subsection.3.1.5}{\376\377\000P\000A\000D\000-\000U\000F\000E\000S\000-\0002\0000}{section.3.1}% 25
\BOOKMARK [2][-]{subsection.3.1.6}{\376\377\000M\000E\000D\000-\000N\000O\000D\000E}{section.3.1}% 26
\BOOKMARK [2][-]{subsection.3.1.7}{\376\377\000P\000H\0002}{section.3.1}% 27
\BOOKMARK [2][-]{subsection.3.1.8}{\376\377\000F\000i\000t\000z\000p\000a\000t\000r\000i\000c\000k\0001\0007\000k}{section.3.1}% 28
\BOOKMARK [2][-]{subsection.3.1.9}{\376\377\000D\000e\000r\000m\000o\000f\000i\000t}{section.3.1}% 29
\BOOKMARK [1][-]{section.3.2}{\376\377\000D\000o\000b\000\363\000r\000\040\000z\000b\000i\000o\000r\000\363\000w\000\040\000i\000\040\000o\000p\000i\000s\000\040\000w\000y\000b\000r\000a\000n\000y\000c\000h\000\040\000z\000m\000i\000a\000n\000\040\000s\000k\000\363\000r\000n\000y\000c\000h}{chapter.3}% 30
\BOOKMARK [2][-]{subsection.3.2.1}{\376\377\000R\000a\000k\000\040\000p\000o\000d\000s\000t\000a\000w\000n\000o\000k\000o\000m\000\363\000r\000k\000o\000w\000y\000\040\000-\000\040\000b\000a\000s\000a\000l\000\040\000c\000e\000l\000l\000\040\000c\000a\000r\000c\000i\000n\000o\000m\000a}{section.3.2}% 31
\BOOKMARK [2][-]{subsection.3.2.2}{\376\377\000R\000o\000g\000o\000w\000a\000c\000e\000n\000i\000e\000\040\000s\001\102\000o\000n\000e\000c\000z\000n\000e\000\040\000-\000\040\000a\000c\000t\000i\000n\000i\000c\000\040\000k\000e\000r\000a\000t\000o\000s\000i\000s}{section.3.2}% 32
\BOOKMARK [2][-]{subsection.3.2.3}{\376\377\000Z\000m\000i\000a\000n\000a\000\040\000m\000e\000l\000a\000n\000o\000c\000y\000t\000o\000w\000a\000\040\000-\000\040\000n\000e\000v\000u\000s}{section.3.2}% 33
\BOOKMARK [2][-]{subsection.3.2.4}{\376\377\000R\000o\000g\000o\000w\000a\000c\000e\000n\000i\000e\000\040\001\102\000o\000j\000o\000t\000o\000k\000o\000w\000e\000\040\000-\000\040\000s\000e\000b\000o\000r\000r\000h\000e\000i\000c\000\040\000k\000e\000r\000a\000t\000o\000s\000i\000s}{section.3.2}% 34
\BOOKMARK [2][-]{subsection.3.2.5}{\376\377\000R\000a\000k\000\040\000k\000o\000l\000c\000z\000y\000s\000t\000o\000k\000o\000m\000\363\000r\000k\000o\000w\000y\000\040\000-\000\040\000s\000q\000u\000a\000m\000o\000u\000s\000\040\000c\000e\000l\000l\000\040\000c\000a\000r\000c\000i\000n\000o\000m\000a}{section.3.2}% 35
\BOOKMARK [2][-]{subsection.3.2.6}{\376\377\000C\000z\000e\000r\000n\000i\000a\000k\000\040\000-\000\040\000m\000e\000l\000a\000n\000o\000m\000a}{section.3.2}% 36
\BOOKMARK [1][-]{section.3.3}{\376\377\000I\000n\000f\000r\000a\000s\000t\000r\000u\000k\000t\000u\000r\000a}{chapter.3}% 37
\BOOKMARK [1][-]{section.3.4}{\376\377\000P\000o\000d\000s\000u\000m\000o\000w\000a\000n\000i\000e}{chapter.3}% 38
\BOOKMARK [0][-]{chapter.4}{\376\377\000M\000e\000t\000o\000d\000y\000k\000a\000\040\000b\000a\000d\000a\000n\000i\000a}{}% 39
\BOOKMARK [1][-]{section.4.1}{\376\377\000M\000o\000d\000e\000l\000\040\000s\000i\000e\000c\000i\000\040\000n\000e\000u\000r\000o\000n\000o\000w\000e\000j}{chapter.4}% 40
\BOOKMARK [2][-]{subsection.4.1.1}{\376\377\000O\000b\000r\000\363\000b\000k\000a\000\040\000d\000a\000n\000y\000c\000h}{section.4.1}% 41
\BOOKMARK [2][-]{subsection.4.1.2}{\376\377\000P\000r\000z\000y\000g\000o\000t\000o\000w\000a\000n\000i\000e\000\040\000d\000o\000\040\000t\000r\000e\000n\000o\000w\000a\000n\000i\000a}{section.4.1}% 42
\BOOKMARK [2][-]{subsection.4.1.3}{\376\377\000P\000r\000o\000c\000e\000s\000\040\000t\000r\000e\000n\000o\000w\000a\000n\000i\000a}{section.4.1}% 43
\BOOKMARK [1][-]{section.4.2}{\376\377\000A\000p\000l\000i\000k\000a\000c\000j\000a\000\040\000m\000o\000b\000i\000l\000n\000a}{chapter.4}% 44
\BOOKMARK [1][-]{section.4.3}{\376\377\000W\000y\000n\000i\000k\000i\000\040\000m\000o\000d\000e\000l\000i}{chapter.4}% 45
\BOOKMARK [2][-]{subsection.4.3.1}{\376\377\000M\000e\000t\000r\000y\000k\000i}{section.4.3}% 46
\BOOKMARK [2][-]{subsection.4.3.2}{\376\377\000W\000a\000r\000t\000o\001\133\000c\000i\000\040\000F\0001\000\040\000d\000l\000a\000\040\000p\000o\000s\000z\000c\000z\000e\000g\000\363\000l\000n\000y\000c\000h\000\040\000k\000l\000a\000s}{section.4.3}% 47
\BOOKMARK [2][-]{subsection.4.3.3}{\376\377\000P\000o\000d\000s\000u\000m\000o\000w\000a\000n\000i\000e\000\040\000w\000y\000n\000i\000k\000\363\000w}{section.4.3}% 48
\BOOKMARK [1][-]{section.4.4}{\376\377\000P\000r\000a\000k\000t\000y\000c\000z\000n\000e\000\040\000z\000a\000s\000t\000o\000s\000o\000w\000a\000n\000i\000e\000\040\000a\000p\000l\000i\000k\000a\000c\000j\000i}{chapter.4}% 49
\BOOKMARK [1][-]{section.4.5}{\376\377\000P\000o\000d\000s\000u\000m\000o\000w\000a\000n\000i\000e}{chapter.4}% 50
\BOOKMARK [0][-]{chapter.5}{\376\377\000P\000o\000d\000s\000u\000m\000o\000w\000a\000n\000i\000e}{}% 51
